// Jest Snapshot v1, https://goo.gl/fbAQLP

exports[`Performance should transform es2015 to segments 1`] = `
[
  {
    "commentType": "SINGLE_LINE",
    "type": "COMMENT",
    "value": " Declare variables",
  },
  {
    "type": "LINE_TERMINATOR",
    "value": "
",
  },
  {
    "type": "IDENTIFIER",
    "value": "let",
  },
  {
    "type": "WHITESPACE",
    "value": " ",
  },
  {
    "type": "IDENTIFIER",
    "value": "number",
  },
  {
    "type": "WHITESPACE",
    "value": " ",
  },
  {
    "type": "PUNCTUATION",
    "value": "=",
  },
  {
    "type": "WHITESPACE",
    "value": " ",
  },
  {
    "type": "NUMERIC",
    "value": "42",
  },
  {
    "type": "PUNCTUATION",
    "value": ";",
  },
  {
    "type": "LINE_TERMINATOR",
    "value": "
",
  },
  {
    "type": "KEYWORD",
    "value": "const",
  },
  {
    "type": "WHITESPACE",
    "value": " ",
  },
  {
    "type": "IDENTIFIER",
    "value": "greeting",
  },
  {
    "type": "WHITESPACE",
    "value": " ",
  },
  {
    "type": "PUNCTUATION",
    "value": "=",
  },
  {
    "type": "WHITESPACE",
    "value": " ",
  },
  {
    "stringType": "SINGLE",
    "type": "STRING",
    "value": "Hello, World!",
  },
  {
    "type": "PUNCTUATION",
    "value": ";",
  },
  {
    "type": "LINE_TERMINATOR",
    "value": "
",
  },
  {
    "type": "KEYWORD",
    "value": "var",
  },
  {
    "type": "WHITESPACE",
    "value": " ",
  },
  {
    "type": "IDENTIFIER",
    "value": "isActive",
  },
  {
    "type": "WHITESPACE",
    "value": " ",
  },
  {
    "type": "PUNCTUATION",
    "value": "=",
  },
  {
    "type": "WHITESPACE",
    "value": " ",
  },
  {
    "type": "BOOLEAN",
    "value": "true",
  },
  {
    "type": "PUNCTUATION",
    "value": ";",
  },
  {
    "type": "LINE_TERMINATOR",
    "value": "
",
  },
  {
    "type": "KEYWORD",
    "value": "var",
  },
  {
    "type": "WHITESPACE",
    "value": " ",
  },
  {
    "type": "IDENTIFIER",
    "value": "isNull",
  },
  {
    "type": "WHITESPACE",
    "value": " ",
  },
  {
    "type": "PUNCTUATION",
    "value": "=",
  },
  {
    "type": "WHITESPACE",
    "value": " ",
  },
  {
    "type": "NULL",
    "value": "null",
  },
  {
    "type": "PUNCTUATION",
    "value": ";",
  },
  {
    "type": "LINE_TERMINATOR",
    "value": "
",
  },
  {
    "type": "LINE_TERMINATOR",
    "value": "
",
  },
  {
    "commentType": "SINGLE_LINE",
    "type": "COMMENT",
    "value": " Create an array",
  },
  {
    "type": "LINE_TERMINATOR",
    "value": "
",
  },
  {
    "type": "KEYWORD",
    "value": "const",
  },
  {
    "type": "WHITESPACE",
    "value": " ",
  },
  {
    "type": "IDENTIFIER",
    "value": "fruits",
  },
  {
    "type": "WHITESPACE",
    "value": " ",
  },
  {
    "type": "PUNCTUATION",
    "value": "=",
  },
  {
    "type": "WHITESPACE",
    "value": " ",
  },
  {
    "type": "PUNCTUATION",
    "value": "[",
  },
  {
    "stringType": "SINGLE",
    "type": "STRING",
    "value": "apple",
  },
  {
    "type": "PUNCTUATION",
    "value": ",",
  },
  {
    "type": "WHITESPACE",
    "value": " ",
  },
  {
    "stringType": "SINGLE",
    "type": "STRING",
    "value": "banana",
  },
  {
    "type": "PUNCTUATION",
    "value": ",",
  },
  {
    "type": "WHITESPACE",
    "value": " ",
  },
  {
    "stringType": "SINGLE",
    "type": "STRING",
    "value": "orange",
  },
  {
    "type": "PUNCTUATION",
    "value": "]",
  },
  {
    "type": "PUNCTUATION",
    "value": ";",
  },
  {
    "type": "LINE_TERMINATOR",
    "value": "
",
  },
  {
    "type": "LINE_TERMINATOR",
    "value": "
",
  },
  {
    "commentType": "SINGLE_LINE",
    "type": "COMMENT",
    "value": " Define a function",
  },
  {
    "type": "LINE_TERMINATOR",
    "value": "
",
  },
  {
    "type": "KEYWORD",
    "value": "function",
  },
  {
    "type": "WHITESPACE",
    "value": " ",
  },
  {
    "type": "IDENTIFIER",
    "value": "displayMessage",
  },
  {
    "type": "PUNCTUATION",
    "value": "(",
  },
  {
    "type": "IDENTIFIER",
    "value": "message",
  },
  {
    "type": "PUNCTUATION",
    "value": ")",
  },
  {
    "type": "WHITESPACE",
    "value": " ",
  },
  {
    "type": "PUNCTUATION",
    "value": "{",
  },
  {
    "type": "LINE_TERMINATOR",
    "value": "
",
  },
  {
    "type": "WHITESPACE",
    "value": " ",
  },
  {
    "type": "WHITESPACE",
    "value": " ",
  },
  {
    "type": "IDENTIFIER",
    "value": "console",
  },
  {
    "type": "PUNCTUATION",
    "value": ".",
  },
  {
    "type": "IDENTIFIER",
    "value": "log",
  },
  {
    "type": "PUNCTUATION",
    "value": "(",
  },
  {
    "type": "IDENTIFIER",
    "value": "message",
  },
  {
    "type": "PUNCTUATION",
    "value": ")",
  },
  {
    "type": "PUNCTUATION",
    "value": ";",
  },
  {
    "type": "LINE_TERMINATOR",
    "value": "
",
  },
  {
    "type": "PUNCTUATION",
    "value": "}",
  },
  {
    "type": "LINE_TERMINATOR",
    "value": "
",
  },
  {
    "type": "LINE_TERMINATOR",
    "value": "
",
  },
  {
    "commentType": "SINGLE_LINE",
    "type": "COMMENT",
    "value": " Use a loop",
  },
  {
    "type": "LINE_TERMINATOR",
    "value": "
",
  },
  {
    "type": "KEYWORD",
    "value": "for",
  },
  {
    "type": "WHITESPACE",
    "value": " ",
  },
  {
    "type": "PUNCTUATION",
    "value": "(",
  },
  {
    "type": "IDENTIFIER",
    "value": "let",
  },
  {
    "type": "WHITESPACE",
    "value": " ",
  },
  {
    "type": "IDENTIFIER",
    "value": "i",
  },
  {
    "type": "WHITESPACE",
    "value": " ",
  },
  {
    "type": "PUNCTUATION",
    "value": "=",
  },
  {
    "type": "WHITESPACE",
    "value": " ",
  },
  {
    "type": "NUMERIC",
    "value": "0",
  },
  {
    "type": "PUNCTUATION",
    "value": ";",
  },
  {
    "type": "WHITESPACE",
    "value": " ",
  },
  {
    "type": "IDENTIFIER",
    "value": "i",
  },
  {
    "type": "WHITESPACE",
    "value": " ",
  },
  {
    "type": "PUNCTUATION",
    "value": "<",
  },
  {
    "type": "WHITESPACE",
    "value": " ",
  },
  {
    "type": "IDENTIFIER",
    "value": "fruits",
  },
  {
    "type": "PUNCTUATION",
    "value": ".",
  },
  {
    "type": "IDENTIFIER",
    "value": "length",
  },
  {
    "type": "PUNCTUATION",
    "value": ";",
  },
  {
    "type": "WHITESPACE",
    "value": " ",
  },
  {
    "type": "IDENTIFIER",
    "value": "i",
  },
  {
    "type": "PUNCTUATION",
    "value": "++",
  },
  {
    "type": "PUNCTUATION",
    "value": ")",
  },
  {
    "type": "WHITESPACE",
    "value": " ",
  },
  {
    "type": "PUNCTUATION",
    "value": "{",
  },
  {
    "type": "LINE_TERMINATOR",
    "value": "
",
  },
  {
    "type": "WHITESPACE",
    "value": " ",
  },
  {
    "type": "WHITESPACE",
    "value": " ",
  },
  {
    "type": "IDENTIFIER",
    "value": "displayMessage",
  },
  {
    "type": "PUNCTUATION",
    "value": "(",
  },
  {
    "type": "IDENTIFIER",
    "value": "fruits",
  },
  {
    "type": "PUNCTUATION",
    "value": "[",
  },
  {
    "type": "IDENTIFIER",
    "value": "i",
  },
  {
    "type": "PUNCTUATION",
    "value": "]",
  },
  {
    "type": "PUNCTUATION",
    "value": ")",
  },
  {
    "type": "PUNCTUATION",
    "value": ";",
  },
  {
    "type": "LINE_TERMINATOR",
    "value": "
",
  },
  {
    "type": "PUNCTUATION",
    "value": "}",
  },
  {
    "type": "LINE_TERMINATOR",
    "value": "
",
  },
  {
    "type": "LINE_TERMINATOR",
    "value": "
",
  },
  {
    "commentType": "SINGLE_LINE",
    "type": "COMMENT",
    "value": " Conditional statement",
  },
  {
    "type": "LINE_TERMINATOR",
    "value": "
",
  },
  {
    "type": "KEYWORD",
    "value": "if",
  },
  {
    "type": "WHITESPACE",
    "value": " ",
  },
  {
    "type": "PUNCTUATION",
    "value": "(",
  },
  {
    "type": "IDENTIFIER",
    "value": "isActive",
  },
  {
    "type": "PUNCTUATION",
    "value": ")",
  },
  {
    "type": "WHITESPACE",
    "value": " ",
  },
  {
    "type": "PUNCTUATION",
    "value": "{",
  },
  {
    "type": "LINE_TERMINATOR",
    "value": "
",
  },
  {
    "type": "WHITESPACE",
    "value": " ",
  },
  {
    "type": "WHITESPACE",
    "value": " ",
  },
  {
    "type": "IDENTIFIER",
    "value": "console",
  },
  {
    "type": "PUNCTUATION",
    "value": ".",
  },
  {
    "type": "IDENTIFIER",
    "value": "log",
  },
  {
    "type": "PUNCTUATION",
    "value": "(",
  },
  {
    "stringType": "SINGLE",
    "type": "STRING",
    "value": "Active status is true",
  },
  {
    "type": "PUNCTUATION",
    "value": ")",
  },
  {
    "type": "PUNCTUATION",
    "value": ";",
  },
  {
    "type": "LINE_TERMINATOR",
    "value": "
",
  },
  {
    "type": "PUNCTUATION",
    "value": "}",
  },
  {
    "type": "WHITESPACE",
    "value": " ",
  },
  {
    "type": "KEYWORD",
    "value": "else",
  },
  {
    "type": "WHITESPACE",
    "value": " ",
  },
  {
    "type": "PUNCTUATION",
    "value": "{",
  },
  {
    "type": "LINE_TERMINATOR",
    "value": "
",
  },
  {
    "type": "WHITESPACE",
    "value": " ",
  },
  {
    "type": "WHITESPACE",
    "value": " ",
  },
  {
    "type": "IDENTIFIER",
    "value": "console",
  },
  {
    "type": "PUNCTUATION",
    "value": ".",
  },
  {
    "type": "IDENTIFIER",
    "value": "log",
  },
  {
    "type": "PUNCTUATION",
    "value": "(",
  },
  {
    "stringType": "SINGLE",
    "type": "STRING",
    "value": "Active status is false",
  },
  {
    "type": "PUNCTUATION",
    "value": ")",
  },
  {
    "type": "PUNCTUATION",
    "value": ";",
  },
  {
    "type": "LINE_TERMINATOR",
    "value": "
",
  },
  {
    "type": "PUNCTUATION",
    "value": "}",
  },
  {
    "type": "LINE_TERMINATOR",
    "value": "
",
  },
  {
    "type": "LINE_TERMINATOR",
    "value": "
",
  },
  {
    "commentType": "SINGLE_LINE",
    "type": "COMMENT",
    "value": " Object with properties",
  },
  {
    "type": "LINE_TERMINATOR",
    "value": "
",
  },
  {
    "type": "KEYWORD",
    "value": "const",
  },
  {
    "type": "WHITESPACE",
    "value": " ",
  },
  {
    "type": "IDENTIFIER",
    "value": "person",
  },
  {
    "type": "WHITESPACE",
    "value": " ",
  },
  {
    "type": "PUNCTUATION",
    "value": "=",
  },
  {
    "type": "WHITESPACE",
    "value": " ",
  },
  {
    "type": "PUNCTUATION",
    "value": "{",
  },
  {
    "type": "LINE_TERMINATOR",
    "value": "
",
  },
  {
    "type": "WHITESPACE",
    "value": " ",
  },
  {
    "type": "WHITESPACE",
    "value": " ",
  },
  {
    "type": "IDENTIFIER",
    "value": "name",
  },
  {
    "type": "PUNCTUATION",
    "value": ":",
  },
  {
    "type": "WHITESPACE",
    "value": " ",
  },
  {
    "stringType": "SINGLE",
    "type": "STRING",
    "value": "John",
  },
  {
    "type": "PUNCTUATION",
    "value": ",",
  },
  {
    "type": "LINE_TERMINATOR",
    "value": "
",
  },
  {
    "type": "WHITESPACE",
    "value": " ",
  },
  {
    "type": "WHITESPACE",
    "value": " ",
  },
  {
    "type": "IDENTIFIER",
    "value": "age",
  },
  {
    "type": "PUNCTUATION",
    "value": ":",
  },
  {
    "type": "WHITESPACE",
    "value": " ",
  },
  {
    "type": "NUMERIC",
    "value": "30",
  },
  {
    "type": "PUNCTUATION",
    "value": ",",
  },
  {
    "type": "LINE_TERMINATOR",
    "value": "
",
  },
  {
    "type": "WHITESPACE",
    "value": " ",
  },
  {
    "type": "WHITESPACE",
    "value": " ",
  },
  {
    "type": "IDENTIFIER",
    "value": "isStudent",
  },
  {
    "type": "PUNCTUATION",
    "value": ":",
  },
  {
    "type": "WHITESPACE",
    "value": " ",
  },
  {
    "type": "BOOLEAN",
    "value": "false",
  },
  {
    "type": "LINE_TERMINATOR",
    "value": "
",
  },
  {
    "type": "PUNCTUATION",
    "value": "}",
  },
  {
    "type": "PUNCTUATION",
    "value": ";",
  },
  {
    "type": "LINE_TERMINATOR",
    "value": "
",
  },
  {
    "type": "LINE_TERMINATOR",
    "value": "
",
  },
  {
    "commentType": "SINGLE_LINE",
    "type": "COMMENT",
    "value": " Call a method",
  },
  {
    "type": "LINE_TERMINATOR",
    "value": "
",
  },
  {
    "type": "IDENTIFIER",
    "value": "person",
  },
  {
    "type": "PUNCTUATION",
    "value": ".",
  },
  {
    "type": "IDENTIFIER",
    "value": "sayHello",
  },
  {
    "type": "WHITESPACE",
    "value": " ",
  },
  {
    "type": "PUNCTUATION",
    "value": "=",
  },
  {
    "type": "WHITESPACE",
    "value": " ",
  },
  {
    "type": "KEYWORD",
    "value": "function",
  },
  {
    "type": "WHITESPACE",
    "value": " ",
  },
  {
    "type": "PUNCTUATION",
    "value": "(",
  },
  {
    "type": "PUNCTUATION",
    "value": ")",
  },
  {
    "type": "WHITESPACE",
    "value": " ",
  },
  {
    "type": "PUNCTUATION",
    "value": "{",
  },
  {
    "type": "LINE_TERMINATOR",
    "value": "
",
  },
  {
    "type": "WHITESPACE",
    "value": " ",
  },
  {
    "type": "WHITESPACE",
    "value": " ",
  },
  {
    "type": "IDENTIFIER",
    "value": "console",
  },
  {
    "type": "PUNCTUATION",
    "value": ".",
  },
  {
    "type": "IDENTIFIER",
    "value": "log",
  },
  {
    "type": "PUNCTUATION",
    "value": "(",
  },
  {
    "stringType": "SINGLE",
    "type": "STRING",
    "value": "Hello from ",
  },
  {
    "type": "WHITESPACE",
    "value": " ",
  },
  {
    "type": "PUNCTUATION",
    "value": "+",
  },
  {
    "type": "WHITESPACE",
    "value": " ",
  },
  {
    "type": "KEYWORD",
    "value": "this",
  },
  {
    "type": "PUNCTUATION",
    "value": ".",
  },
  {
    "type": "IDENTIFIER",
    "value": "name",
  },
  {
    "type": "PUNCTUATION",
    "value": ")",
  },
  {
    "type": "PUNCTUATION",
    "value": ";",
  },
  {
    "type": "LINE_TERMINATOR",
    "value": "
",
  },
  {
    "type": "PUNCTUATION",
    "value": "}",
  },
  {
    "type": "PUNCTUATION",
    "value": ";",
  },
  {
    "type": "LINE_TERMINATOR",
    "value": "
",
  },
  {
    "type": "IDENTIFIER",
    "value": "person",
  },
  {
    "type": "PUNCTUATION",
    "value": ".",
  },
  {
    "type": "IDENTIFIER",
    "value": "sayHello",
  },
  {
    "type": "PUNCTUATION",
    "value": "(",
  },
  {
    "type": "PUNCTUATION",
    "value": ")",
  },
  {
    "type": "PUNCTUATION",
    "value": ";",
  },
  {
    "type": "LINE_TERMINATOR",
    "value": "
",
  },
  {
    "type": "LINE_TERMINATOR",
    "value": "
",
  },
  {
    "commentType": "SINGLE_LINE",
    "type": "COMMENT",
    "value": " Template literal",
  },
  {
    "type": "LINE_TERMINATOR",
    "value": "
",
  },
  {
    "type": "KEYWORD",
    "value": "const",
  },
  {
    "type": "WHITESPACE",
    "value": " ",
  },
  {
    "type": "IDENTIFIER",
    "value": "message",
  },
  {
    "type": "WHITESPACE",
    "value": " ",
  },
  {
    "type": "PUNCTUATION",
    "value": "=",
  },
  {
    "type": "WHITESPACE",
    "value": " ",
  },
  {
    "stringType": "TEMPLATE",
    "type": "STRING",
    "value": "\${greeting} My age is \${person.age}",
  },
  {
    "type": "PUNCTUATION",
    "value": ";",
  },
  {
    "type": "LINE_TERMINATOR",
    "value": "
",
  },
  {
    "type": "LINE_TERMINATOR",
    "value": "
",
  },
  {
    "commentType": "SINGLE_LINE",
    "type": "COMMENT",
    "value": " Arrow function",
  },
  {
    "type": "LINE_TERMINATOR",
    "value": "
",
  },
  {
    "type": "KEYWORD",
    "value": "const",
  },
  {
    "type": "WHITESPACE",
    "value": " ",
  },
  {
    "type": "IDENTIFIER",
    "value": "addNumbers",
  },
  {
    "type": "WHITESPACE",
    "value": " ",
  },
  {
    "type": "PUNCTUATION",
    "value": "=",
  },
  {
    "type": "WHITESPACE",
    "value": " ",
  },
  {
    "type": "PUNCTUATION",
    "value": "(",
  },
  {
    "type": "IDENTIFIER",
    "value": "a",
  },
  {
    "type": "PUNCTUATION",
    "value": ",",
  },
  {
    "type": "WHITESPACE",
    "value": " ",
  },
  {
    "type": "IDENTIFIER",
    "value": "b",
  },
  {
    "type": "PUNCTUATION",
    "value": ")",
  },
  {
    "type": "WHITESPACE",
    "value": " ",
  },
  {
    "type": "PUNCTUATION",
    "value": "=>",
  },
  {
    "type": "WHITESPACE",
    "value": " ",
  },
  {
    "type": "IDENTIFIER",
    "value": "a",
  },
  {
    "type": "WHITESPACE",
    "value": " ",
  },
  {
    "type": "PUNCTUATION",
    "value": "+",
  },
  {
    "type": "WHITESPACE",
    "value": " ",
  },
  {
    "type": "IDENTIFIER",
    "value": "b",
  },
  {
    "type": "PUNCTUATION",
    "value": ";",
  },
  {
    "type": "LINE_TERMINATOR",
    "value": "
",
  },
  {
    "type": "LINE_TERMINATOR",
    "value": "
",
  },
  {
    "commentType": "SINGLE_LINE",
    "type": "COMMENT",
    "value": " Call the function",
  },
  {
    "type": "LINE_TERMINATOR",
    "value": "
",
  },
  {
    "type": "KEYWORD",
    "value": "const",
  },
  {
    "type": "WHITESPACE",
    "value": " ",
  },
  {
    "type": "IDENTIFIER",
    "value": "sum",
  },
  {
    "type": "WHITESPACE",
    "value": " ",
  },
  {
    "type": "PUNCTUATION",
    "value": "=",
  },
  {
    "type": "WHITESPACE",
    "value": " ",
  },
  {
    "type": "IDENTIFIER",
    "value": "addNumbers",
  },
  {
    "type": "PUNCTUATION",
    "value": "(",
  },
  {
    "type": "NUMERIC",
    "value": "5",
  },
  {
    "type": "PUNCTUATION",
    "value": ",",
  },
  {
    "type": "WHITESPACE",
    "value": " ",
  },
  {
    "type": "NUMERIC",
    "value": "7",
  },
  {
    "type": "PUNCTUATION",
    "value": ")",
  },
  {
    "type": "PUNCTUATION",
    "value": ";",
  },
  {
    "type": "LINE_TERMINATOR",
    "value": "
",
  },
  {
    "type": "LINE_TERMINATOR",
    "value": "
",
  },
  {
    "commentType": "SINGLE_LINE",
    "type": "COMMENT",
    "value": " Output the result",
  },
  {
    "type": "LINE_TERMINATOR",
    "value": "
",
  },
  {
    "type": "IDENTIFIER",
    "value": "console",
  },
  {
    "type": "PUNCTUATION",
    "value": ".",
  },
  {
    "type": "IDENTIFIER",
    "value": "log",
  },
  {
    "type": "PUNCTUATION",
    "value": "(",
  },
  {
    "type": "IDENTIFIER",
    "value": "sum",
  },
  {
    "type": "PUNCTUATION",
    "value": ")",
  },
  {
    "type": "PUNCTUATION",
    "value": ";",
  },
  {
    "type": "LINE_TERMINATOR",
    "value": "
",
  },
  {
    "type": "LINE_TERMINATOR",
    "value": "
",
  },
  {
    "commentType": "SINGLE_LINE",
    "type": "COMMENT",
    "value": " Regular expression",
  },
  {
    "type": "LINE_TERMINATOR",
    "value": "
",
  },
  {
    "type": "KEYWORD",
    "value": "const",
  },
  {
    "type": "WHITESPACE",
    "value": " ",
  },
  {
    "type": "IDENTIFIER",
    "value": "emailRegex",
  },
  {
    "type": "WHITESPACE",
    "value": " ",
  },
  {
    "type": "PUNCTUATION",
    "value": "=",
  },
  {
    "type": "WHITESPACE",
    "value": " ",
  },
  {
    "type": "PUNCTUATION",
    "value": "/",
  },
  {
    "type": "UNKNOWN",
    "value": "^",
  },
  {
    "type": "PUNCTUATION",
    "value": "[",
  },
  {
    "type": "UNKNOWN",
    "value": "\\",
  },
  {
    "type": "IDENTIFIER",
    "value": "w",
  },
  {
    "type": "PUNCTUATION",
    "value": "-",
  },
  {
    "type": "PUNCTUATION",
    "value": "]",
  },
  {
    "type": "PUNCTUATION",
    "value": "+",
  },
  {
    "type": "PUNCTUATION",
    "value": "(",
  },
  {
    "type": "UNKNOWN",
    "value": "\\",
  },
  {
    "type": "PUNCTUATION",
    "value": ".",
  },
  {
    "type": "PUNCTUATION",
    "value": "[",
  },
  {
    "type": "UNKNOWN",
    "value": "\\",
  },
  {
    "type": "IDENTIFIER",
    "value": "w",
  },
  {
    "type": "PUNCTUATION",
    "value": "-",
  },
  {
    "type": "PUNCTUATION",
    "value": "]",
  },
  {
    "type": "PUNCTUATION",
    "value": "+",
  },
  {
    "type": "PUNCTUATION",
    "value": ")",
  },
  {
    "type": "PUNCTUATION",
    "value": "*",
  },
  {
    "type": "UNKNOWN",
    "value": "@",
  },
  {
    "type": "PUNCTUATION",
    "value": "(",
  },
  {
    "type": "PUNCTUATION",
    "value": "[",
  },
  {
    "type": "UNKNOWN",
    "value": "\\",
  },
  {
    "type": "IDENTIFIER",
    "value": "w",
  },
  {
    "type": "PUNCTUATION",
    "value": "-",
  },
  {
    "type": "PUNCTUATION",
    "value": "]",
  },
  {
    "type": "PUNCTUATION",
    "value": "+",
  },
  {
    "type": "UNKNOWN",
    "value": "\\",
  },
  {
    "type": "PUNCTUATION",
    "value": ".",
  },
  {
    "type": "PUNCTUATION",
    "value": ")",
  },
  {
    "type": "PUNCTUATION",
    "value": "+",
  },
  {
    "type": "PUNCTUATION",
    "value": "[",
  },
  {
    "type": "IDENTIFIER",
    "value": "a",
  },
  {
    "type": "PUNCTUATION",
    "value": "-",
  },
  {
    "type": "IDENTIFIER",
    "value": "zA",
  },
  {
    "type": "PUNCTUATION",
    "value": "-",
  },
  {
    "type": "IDENTIFIER",
    "value": "Z",
  },
  {
    "type": "PUNCTUATION",
    "value": "]",
  },
  {
    "type": "PUNCTUATION",
    "value": "{",
  },
  {
    "type": "NUMERIC",
    "value": "2",
  },
  {
    "type": "PUNCTUATION",
    "value": ",",
  },
  {
    "type": "NUMERIC",
    "value": "7",
  },
  {
    "type": "PUNCTUATION",
    "value": "}",
  },
  {
    "type": "IDENTIFIER",
    "value": "$",
  },
  {
    "type": "PUNCTUATION",
    "value": "/",
  },
  {
    "type": "PUNCTUATION",
    "value": ";",
  },
  {
    "type": "LINE_TERMINATOR",
    "value": "
",
  },
  {
    "type": "LINE_TERMINATOR",
    "value": "
",
  },
  {
    "commentType": "SINGLE_LINE",
    "type": "COMMENT",
    "value": " Numeric literals",
  },
  {
    "type": "LINE_TERMINATOR",
    "value": "
",
  },
  {
    "type": "KEYWORD",
    "value": "const",
  },
  {
    "type": "WHITESPACE",
    "value": " ",
  },
  {
    "type": "IDENTIFIER",
    "value": "numericLiterals",
  },
  {
    "type": "WHITESPACE",
    "value": " ",
  },
  {
    "type": "PUNCTUATION",
    "value": "=",
  },
  {
    "type": "WHITESPACE",
    "value": " ",
  },
  {
    "type": "PUNCTUATION",
    "value": "[",
  },
  {
    "type": "LINE_TERMINATOR",
    "value": "
",
  },
  {
    "type": "WHITESPACE",
    "value": " ",
  },
  {
    "type": "WHITESPACE",
    "value": " ",
  },
  {
    "type": "NUMERIC",
    "value": "0",
  },
  {
    "type": "PUNCTUATION",
    "value": ",",
  },
  {
    "type": "LINE_TERMINATOR",
    "value": "
",
  },
  {
    "type": "WHITESPACE",
    "value": " ",
  },
  {
    "type": "WHITESPACE",
    "value": " ",
  },
  {
    "type": "NUMERIC",
    "value": "1",
  },
  {
    "type": "PUNCTUATION",
    "value": ",",
  },
  {
    "type": "LINE_TERMINATOR",
    "value": "
",
  },
  {
    "type": "WHITESPACE",
    "value": " ",
  },
  {
    "type": "WHITESPACE",
    "value": " ",
  },
  {
    "type": "NUMERIC",
    "value": "1234",
  },
  {
    "type": "PUNCTUATION",
    "value": ",",
  },
  {
    "type": "LINE_TERMINATOR",
    "value": "
",
  },
  {
    "type": "WHITESPACE",
    "value": " ",
  },
  {
    "type": "WHITESPACE",
    "value": " ",
  },
  {
    "type": "NUMERIC",
    "value": "1234.5",
  },
  {
    "type": "PUNCTUATION",
    "value": ",",
  },
  {
    "type": "LINE_TERMINATOR",
    "value": "
",
  },
  {
    "type": "WHITESPACE",
    "value": " ",
  },
  {
    "type": "WHITESPACE",
    "value": " ",
  },
  {
    "type": "NUMERIC",
    "value": "1234.678",
  },
  {
    "type": "PUNCTUATION",
    "value": ",",
  },
  {
    "type": "LINE_TERMINATOR",
    "value": "
",
  },
  {
    "type": "WHITESPACE",
    "value": " ",
  },
  {
    "type": "WHITESPACE",
    "value": " ",
  },
  {
    "type": "NUMERIC",
    "value": "1234",
  },
  {
    "type": "PUNCTUATION",
    "value": ",",
  },
  {
    "type": "LINE_TERMINATOR",
    "value": "
",
  },
  {
    "type": "WHITESPACE",
    "value": " ",
  },
  {
    "type": "WHITESPACE",
    "value": " ",
  },
  {
    "type": "NUMERIC",
    "value": "2134n",
  },
  {
    "type": "PUNCTUATION",
    "value": ",",
  },
  {
    "type": "LINE_TERMINATOR",
    "value": "
",
  },
  {
    "type": "WHITESPACE",
    "value": " ",
  },
  {
    "type": "WHITESPACE",
    "value": " ",
  },
  {
    "type": "NUMERIC",
    "value": "12313e1",
  },
  {
    "type": "PUNCTUATION",
    "value": ",",
  },
  {
    "type": "LINE_TERMINATOR",
    "value": "
",
  },
  {
    "type": "WHITESPACE",
    "value": " ",
  },
  {
    "type": "WHITESPACE",
    "value": " ",
  },
  {
    "type": "NUMERIC",
    "value": "12341e2",
  },
  {
    "type": "PUNCTUATION",
    "value": ",",
  },
  {
    "type": "LINE_TERMINATOR",
    "value": "
",
  },
  {
    "type": "WHITESPACE",
    "value": " ",
  },
  {
    "type": "WHITESPACE",
    "value": " ",
  },
  {
    "type": "NUMERIC",
    "value": "123123.2e2",
  },
  {
    "type": "PUNCTUATION",
    "value": ",",
  },
  {
    "type": "LINE_TERMINATOR",
    "value": "
",
  },
  {
    "type": "WHITESPACE",
    "value": " ",
  },
  {
    "type": "WHITESPACE",
    "value": " ",
  },
  {
    "type": "NUMERIC",
    "value": "1235132.5e2",
  },
  {
    "type": "PUNCTUATION",
    "value": ",",
  },
  {
    "type": "LINE_TERMINATOR",
    "value": "
",
  },
  {
    "type": "WHITESPACE",
    "value": " ",
  },
  {
    "type": "WHITESPACE",
    "value": " ",
  },
  {
    "type": "NUMERIC",
    "value": "1235132.5e1",
  },
  {
    "type": "PUNCTUATION",
    "value": ",",
  },
  {
    "type": "LINE_TERMINATOR",
    "value": "
",
  },
  {
    "type": "WHITESPACE",
    "value": " ",
  },
  {
    "type": "WHITESPACE",
    "value": " ",
  },
  {
    "type": "NUMERIC",
    "value": "1235132.5e-2",
  },
  {
    "type": "PUNCTUATION",
    "value": ",",
  },
  {
    "type": "LINE_TERMINATOR",
    "value": "
",
  },
  {
    "type": "WHITESPACE",
    "value": " ",
  },
  {
    "type": "WHITESPACE",
    "value": " ",
  },
  {
    "type": "NUMERIC",
    "value": "1235132.5e-2",
  },
  {
    "type": "PUNCTUATION",
    "value": ",",
  },
  {
    "type": "LINE_TERMINATOR",
    "value": "
",
  },
  {
    "type": "WHITESPACE",
    "value": " ",
  },
  {
    "type": "WHITESPACE",
    "value": " ",
  },
  {
    "type": "NUMERIC",
    "value": "0b01",
  },
  {
    "type": "PUNCTUATION",
    "value": ",",
  },
  {
    "type": "LINE_TERMINATOR",
    "value": "
",
  },
  {
    "type": "WHITESPACE",
    "value": " ",
  },
  {
    "type": "WHITESPACE",
    "value": " ",
  },
  {
    "type": "NUMERIC",
    "value": "0b01",
  },
  {
    "type": "PUNCTUATION",
    "value": ",",
  },
  {
    "type": "LINE_TERMINATOR",
    "value": "
",
  },
  {
    "type": "WHITESPACE",
    "value": " ",
  },
  {
    "type": "WHITESPACE",
    "value": " ",
  },
  {
    "type": "NUMERIC",
    "value": "0b01n",
  },
  {
    "type": "PUNCTUATION",
    "value": ",",
  },
  {
    "type": "LINE_TERMINATOR",
    "value": "
",
  },
  {
    "type": "WHITESPACE",
    "value": " ",
  },
  {
    "type": "WHITESPACE",
    "value": " ",
  },
  {
    "type": "NUMERIC",
    "value": "0o01234567",
  },
  {
    "type": "PUNCTUATION",
    "value": ",",
  },
  {
    "type": "LINE_TERMINATOR",
    "value": "
",
  },
  {
    "type": "WHITESPACE",
    "value": " ",
  },
  {
    "type": "WHITESPACE",
    "value": " ",
  },
  {
    "type": "NUMERIC",
    "value": "0o01234567",
  },
  {
    "type": "PUNCTUATION",
    "value": ",",
  },
  {
    "type": "LINE_TERMINATOR",
    "value": "
",
  },
  {
    "type": "WHITESPACE",
    "value": " ",
  },
  {
    "type": "WHITESPACE",
    "value": " ",
  },
  {
    "type": "NUMERIC",
    "value": "0o01234567n",
  },
  {
    "type": "PUNCTUATION",
    "value": ",",
  },
  {
    "type": "LINE_TERMINATOR",
    "value": "
",
  },
  {
    "type": "WHITESPACE",
    "value": " ",
  },
  {
    "type": "WHITESPACE",
    "value": " ",
  },
  {
    "type": "NUMERIC",
    "value": "0x012345678abcdefabcdef",
  },
  {
    "type": "PUNCTUATION",
    "value": ",",
  },
  {
    "type": "LINE_TERMINATOR",
    "value": "
",
  },
  {
    "type": "WHITESPACE",
    "value": " ",
  },
  {
    "type": "WHITESPACE",
    "value": " ",
  },
  {
    "type": "NUMERIC",
    "value": "0x012345678abcdefabcdef",
  },
  {
    "type": "PUNCTUATION",
    "value": ",",
  },
  {
    "type": "LINE_TERMINATOR",
    "value": "
",
  },
  {
    "type": "WHITESPACE",
    "value": " ",
  },
  {
    "type": "WHITESPACE",
    "value": " ",
  },
  {
    "type": "NUMERIC",
    "value": "0x012345678abcdefabcdefn",
  },
  {
    "type": "PUNCTUATION",
    "value": ",",
  },
  {
    "type": "LINE_TERMINATOR",
    "value": "
",
  },
  {
    "type": "WHITESPACE",
    "value": " ",
  },
  {
    "type": "WHITESPACE",
    "value": " ",
  },
  {
    "type": "NUMERIC",
    "value": "0.0",
  },
  {
    "type": "PUNCTUATION",
    "value": ",",
  },
  {
    "type": "LINE_TERMINATOR",
    "value": "
",
  },
  {
    "type": "WHITESPACE",
    "value": " ",
  },
  {
    "type": "WHITESPACE",
    "value": " ",
  },
  {
    "type": "NUMERIC",
    "value": "0.1e2",
  },
  {
    "type": "PUNCTUATION",
    "value": ",",
  },
  {
    "type": "LINE_TERMINATOR",
    "value": "
",
  },
  {
    "type": "WHITESPACE",
    "value": " ",
  },
  {
    "type": "WHITESPACE",
    "value": " ",
  },
  {
    "type": "NUMERIC",
    "value": "0.1e2",
  },
  {
    "type": "PUNCTUATION",
    "value": ",",
  },
  {
    "type": "LINE_TERMINATOR",
    "value": "
",
  },
  {
    "type": "WHITESPACE",
    "value": " ",
  },
  {
    "type": "WHITESPACE",
    "value": " ",
  },
  {
    "type": "NUMERIC",
    "value": "12_34",
  },
  {
    "type": "PUNCTUATION",
    "value": ",",
  },
  {
    "type": "LINE_TERMINATOR",
    "value": "
",
  },
  {
    "type": "WHITESPACE",
    "value": " ",
  },
  {
    "type": "WHITESPACE",
    "value": " ",
  },
  {
    "type": "NUMERIC",
    "value": "12345",
  },
  {
    "type": "PUNCTUATION",
    "value": ",",
  },
  {
    "type": "LINE_TERMINATOR",
    "value": "
",
  },
  {
    "type": "WHITESPACE",
    "value": " ",
  },
  {
    "type": "WHITESPACE",
    "value": " ",
  },
  {
    "type": "NUMERIC",
    "value": "0.1234",
  },
  {
    "type": "PUNCTUATION",
    "value": ",",
  },
  {
    "type": "LINE_TERMINATOR",
    "value": "
",
  },
  {
    "type": "WHITESPACE",
    "value": " ",
  },
  {
    "type": "WHITESPACE",
    "value": " ",
  },
  {
    "type": "NUMERIC",
    "value": "0.1234",
  },
  {
    "type": "PUNCTUATION",
    "value": ",",
  },
  {
    "type": "LINE_TERMINATOR",
    "value": "
",
  },
  {
    "type": "WHITESPACE",
    "value": " ",
  },
  {
    "type": "WHITESPACE",
    "value": " ",
  },
  {
    "type": "NUMERIC",
    "value": "0.123e2",
  },
  {
    "type": "PUNCTUATION",
    "value": ",",
  },
  {
    "type": "LINE_TERMINATOR",
    "value": "
",
  },
  {
    "type": "WHITESPACE",
    "value": " ",
  },
  {
    "type": "WHITESPACE",
    "value": " ",
  },
  {
    "type": "NUMERIC",
    "value": "0.1234e2",
  },
  {
    "type": "PUNCTUATION",
    "value": ",",
  },
  {
    "type": "LINE_TERMINATOR",
    "value": "
",
  },
  {
    "type": "WHITESPACE",
    "value": " ",
  },
  {
    "type": "WHITESPACE",
    "value": " ",
  },
  {
    "type": "NUMERIC",
    "value": "0.1_2_3",
  },
  {
    "type": "LINE_TERMINATOR",
    "value": "
",
  },
  {
    "type": "PUNCTUATION",
    "value": "]",
  },
  {
    "type": "PUNCTUATION",
    "value": ";",
  },
  {
    "type": "LINE_TERMINATOR",
    "value": "
",
  },
  {
    "type": "LINE_TERMINATOR",
    "value": "
",
  },
  {
    "commentType": "MULTI_LINE",
    "type": "COMMENT",
    "value": "*
 * Multi line comment
 ",
  },
  {
    "type": "LINE_TERMINATOR",
    "value": "
",
  },
  {
    "type": "IDENTIFIER",
    "value": "console",
  },
  {
    "type": "PUNCTUATION",
    "value": ".",
  },
  {
    "type": "IDENTIFIER",
    "value": "log",
  },
  {
    "type": "PUNCTUATION",
    "value": "(",
  },
  {
    "type": "IDENTIFIER",
    "value": "emailRegex",
  },
  {
    "type": "PUNCTUATION",
    "value": ".",
  },
  {
    "type": "IDENTIFIER",
    "value": "test",
  },
  {
    "type": "PUNCTUATION",
    "value": "(",
  },
  {
    "stringType": "DOUBLE",
    "type": "STRING",
    "value": "'",
  },
  {
    "type": "PUNCTUATION",
    "value": ")",
  },
  {
    "type": "PUNCTUATION",
    "value": ")",
  },
  {
    "type": "PUNCTUATION",
    "value": ";",
  },
  {
    "type": "LINE_TERMINATOR",
    "value": "
",
  },
]
`;
